Archive member included to satisfy reference by file (symbol)

c:/st/stm32cubeide_1.2.0/stm32cubeide/plugins/com.st.stm32cube.ide.mcu.externaltools.gnu-tools-for-stm32.7-2018-q2-update.win32_1.5.0.202011040924/tools/bin/../lib/gcc/arm-none-eabi/7.3.1/../../../../arm-none-eabi/lib/thumb/v7e-m/fpv4-sp/hard\libc_nano.a(lib_a-errno.o)
                              Core/Src/syscalls.o (__errno)
c:/st/stm32cubeide_1.2.0/stm32cubeide/plugins/com.st.stm32cube.ide.mcu.externaltools.gnu-tools-for-stm32.7-2018-q2-update.win32_1.5.0.202011040924/tools/bin/../lib/gcc/arm-none-eabi/7.3.1/../../../../arm-none-eabi/lib/thumb/v7e-m/fpv4-sp/hard\libc_nano.a(lib_a-exit.o)
                              c:/st/stm32cubeide_1.2.0/stm32cubeide/plugins/com.st.stm32cube.ide.mcu.externaltools.gnu-tools-for-stm32.7-2018-q2-update.win32_1.5.0.202011040924/tools/bin/../lib/gcc/arm-none-eabi/7.3.1/../../../../arm-none-eabi/lib/thumb/v7e-m/fpv4-sp/hard/crt0.o (exit)
c:/st/stm32cubeide_1.2.0/stm32cubeide/plugins/com.st.stm32cube.ide.mcu.externaltools.gnu-tools-for-stm32.7-2018-q2-update.win32_1.5.0.202011040924/tools/bin/../lib/gcc/arm-none-eabi/7.3.1/../../../../arm-none-eabi/lib/thumb/v7e-m/fpv4-sp/hard\libc_nano.a(lib_a-impure.o)
                              c:/st/stm32cubeide_1.2.0/stm32cubeide/plugins/com.st.stm32cube.ide.mcu.externaltools.gnu-tools-for-stm32.7-2018-q2-update.win32_1.5.0.202011040924/tools/bin/../lib/gcc/arm-none-eabi/7.3.1/../../../../arm-none-eabi/lib/thumb/v7e-m/fpv4-sp/hard\libc_nano.a(lib_a-exit.o) (_global_impure_ptr)
c:/st/stm32cubeide_1.2.0/stm32cubeide/plugins/com.st.stm32cube.ide.mcu.externaltools.gnu-tools-for-stm32.7-2018-q2-update.win32_1.5.0.202011040924/tools/bin/../lib/gcc/arm-none-eabi/7.3.1/../../../../arm-none-eabi/lib/thumb/v7e-m/fpv4-sp/hard\libc_nano.a(lib_a-init.o)
                              c:/st/stm32cubeide_1.2.0/stm32cubeide/plugins/com.st.stm32cube.ide.mcu.externaltools.gnu-tools-for-stm32.7-2018-q2-update.win32_1.5.0.202011040924/tools/bin/../lib/gcc/arm-none-eabi/7.3.1/../../../../arm-none-eabi/lib/thumb/v7e-m/fpv4-sp/hard/crt0.o (__libc_init_array)
c:/st/stm32cubeide_1.2.0/stm32cubeide/plugins/com.st.stm32cube.ide.mcu.externaltools.gnu-tools-for-stm32.7-2018-q2-update.win32_1.5.0.202011040924/tools/bin/../lib/gcc/arm-none-eabi/7.3.1/../../../../arm-none-eabi/lib/thumb/v7e-m/fpv4-sp/hard\libc_nano.a(lib_a-memset.o)
                              c:/st/stm32cubeide_1.2.0/stm32cubeide/plugins/com.st.stm32cube.ide.mcu.externaltools.gnu-tools-for-stm32.7-2018-q2-update.win32_1.5.0.202011040924/tools/bin/../lib/gcc/arm-none-eabi/7.3.1/../../../../arm-none-eabi/lib/thumb/v7e-m/fpv4-sp/hard/crt0.o (memset)

Allocating common symbols
Common symbol       size              file

uwTick              0x4               Drivers/STM32F3xx_HAL_Driver/Src/stm32f3xx_hal.o
pFlash              0x20              Drivers/STM32F3xx_HAL_Driver/Src/stm32f3xx_hal_flash.o

Discarded input sections

 .text          0x0000000000000000        0x0 c:/st/stm32cubeide_1.2.0/stm32cubeide/plugins/com.st.stm32cube.ide.mcu.externaltools.gnu-tools-for-stm32.7-2018-q2-update.win32_1.5.0.202011040924/tools/bin/../lib/gcc/arm-none-eabi/7.3.1/thumb/v7e-m/fpv4-sp/hard/crti.o
 .data          0x0000000000000000        0x0 c:/st/stm32cubeide_1.2.0/stm32cubeide/plugins/com.st.stm32cube.ide.mcu.externaltools.gnu-tools-for-stm32.7-2018-q2-update.win32_1.5.0.202011040924/tools/bin/../lib/gcc/arm-none-eabi/7.3.1/thumb/v7e-m/fpv4-sp/hard/crti.o
 .bss           0x0000000000000000        0x0 c:/st/stm32cubeide_1.2.0/stm32cubeide/plugins/com.st.stm32cube.ide.mcu.externaltools.gnu-tools-for-stm32.7-2018-q2-update.win32_1.5.0.202011040924/tools/bin/../lib/gcc/arm-none-eabi/7.3.1/thumb/v7e-m/fpv4-sp/hard/crti.o
 .data          0x0000000000000000        0x4 c:/st/stm32cubeide_1.2.0/stm32cubeide/plugins/com.st.stm32cube.ide.mcu.externaltools.gnu-tools-for-stm32.7-2018-q2-update.win32_1.5.0.202011040924/tools/bin/../lib/gcc/arm-none-eabi/7.3.1/thumb/v7e-m/fpv4-sp/hard/crtbegin.o
 .text          0x0000000000000000       0x74 c:/st/stm32cubeide_1.2.0/stm32cubeide/plugins/com.st.stm32cube.ide.mcu.externaltools.gnu-tools-for-stm32.7-2018-q2-update.win32_1.5.0.202011040924/tools/bin/../lib/gcc/arm-none-eabi/7.3.1/../../../../arm-none-eabi/lib/thumb/v7e-m/fpv4-sp/hard/crt0.o
 .data          0x0000000000000000        0x0 c:/st/stm32cubeide_1.2.0/stm32cubeide/plugins/com.st.stm32cube.ide.mcu.externaltools.gnu-tools-for-stm32.7-2018-q2-update.win32_1.5.0.202011040924/tools/bin/../lib/gcc/arm-none-eabi/7.3.1/../../../../arm-none-eabi/lib/thumb/v7e-m/fpv4-sp/hard/crt0.o
 .bss           0x0000000000000000        0x0 c:/st/stm32cubeide_1.2.0/stm32cubeide/plugins/com.st.stm32cube.ide.mcu.externaltools.gnu-tools-for-stm32.7-2018-q2-update.win32_1.5.0.202011040924/tools/bin/../lib/gcc/arm-none-eabi/7.3.1/../../../../arm-none-eabi/lib/thumb/v7e-m/fpv4-sp/hard/crt0.o
[...]
Memory Configuration

Name             Origin             Length             Attributes
CCMRAM           0x0000000010000000 0x0000000000004000 xrw
RAM              0x0000000020000000 0x0000000000010000 xrw
FLASH            0x0000000008000000 0x0000000000080000 xr
*default*        0x0000000000000000 0xffffffffffffffff

Linker script and memory map

LOAD c:/st/stm32cubeide_1.2.0/stm32cubeide/plugins/com.st.stm32cube.ide.mcu.externaltools.gnu-tools-for-stm32.7-2018-q2-update.win32_1.5.0.202011040924/tools/bin/../lib/gcc/arm-none-eabi/7.3.1/thumb/v7e-m/fpv4-sp/hard/crti.o
LOAD c:/st/stm32cubeide_1.2.0/stm32cubeide/plugins/com.st.stm32cube.ide.mcu.externaltools.gnu-tools-for-stm32.7-2018-q2-update.win32_1.5.0.202011040924/tools/bin/../lib/gcc/arm-none-eabi/7.3.1/thumb/v7e-m/fpv4-sp/hard/crtbegin.o
LOAD c:/st/stm32cubeide_1.2.0/stm32cubeide/plugins/com.st.stm32cube.ide.mcu.externaltools.gnu-tools-for-stm32.7-2018-q2-update.win32_1.5.0.202011040924/tools/bin/../lib/gcc/arm-none-eabi/7.3.1/../../../../arm-none-eabi/lib/thumb/v7e-m/fpv4-sp/hard/crt0.o
LOAD Core/Src/main.o
LOAD Core/Src/stm32f3xx_hal_msp.o
LOAD Core/Src/stm32f3xx_it.o
LOAD Core/Src/syscalls.o
LOAD Core/Src/sysmem.o
LOAD Core/Src/system_stm32f3xx.o
LOAD Core/Startup/startup_stm32f303retx.o
LOAD Drivers/STM32F3xx_HAL_Driver/Src/stm32f3xx_hal.o
LOAD Drivers/STM32F3xx_HAL_Driver/Src/stm32f3xx_hal_cortex.o
LOAD Drivers/STM32F3xx_HAL_Driver/Src/stm32f3xx_hal_dma.o
LOAD Drivers/STM32F3xx_HAL_Driver/Src/stm32f3xx_hal_exti.o
LOAD Drivers/STM32F3xx_HAL_Driver/Src/stm32f3xx_hal_flash.o
LOAD Drivers/STM32F3xx_HAL_Driver/Src/stm32f3xx_hal_flash_ex.o
LOAD Drivers/STM32F3xx_HAL_Driver/Src/stm32f3xx_hal_gpio.o
LOAD Drivers/STM32F3xx_HAL_Driver/Src/stm32f3xx_hal_i2c.o
LOAD Drivers/STM32F3xx_HAL_Driver/Src/stm32f3xx_hal_i2c_ex.o
LOAD Drivers/STM32F3xx_HAL_Driver/Src/stm32f3xx_hal_pwr.o
LOAD Drivers/STM32F3xx_HAL_Driver/Src/stm32f3xx_hal_pwr_ex.o
LOAD Drivers/STM32F3xx_HAL_Driver/Src/stm32f3xx_hal_rcc.o
LOAD Drivers/STM32F3xx_HAL_Driver/Src/stm32f3xx_hal_rcc_ex.o
LOAD Drivers/STM32F3xx_HAL_Driver/Src/stm32f3xx_hal_tim.o
LOAD Drivers/STM32F3xx_HAL_Driver/Src/stm32f3xx_hal_tim_ex.o
START GROUP
LOAD c:/st/stm32cubeide_1.2.0/stm32cubeide/plugins/com.st.stm32cube.ide.mcu.externaltools.gnu-tools-for-stm32.7-2018-q2-update.win32_1.5.0.202011040924/tools/bin/../lib/gcc/arm-none-eabi/7.3.1/../../../../arm-none-eabi/lib/thumb/v7e-m/fpv4-sp/hard\libc_nano.a
LOAD c:/st/stm32cubeide_1.2.0/stm32cubeide/plugins/com.st.stm32cube.ide.mcu.externaltools.gnu-tools-for-stm32.7-2018-q2-update.win32_1.5.0.202011040924/tools/bin/../lib/gcc/arm-none-eabi/7.3.1/../../../../arm-none-eabi/lib/thumb/v7e-m/fpv4-sp/hard\libm.a
END GROUP
START GROUP
LOAD c:/st/stm32cubeide_1.2.0/stm32cubeide/plugins/com.st.stm32cube.ide.mcu.externaltools.gnu-tools-for-stm32.7-2018-q2-update.win32_1.5.0.202011040924/tools/bin/../lib/gcc/arm-none-eabi/7.3.1/thumb/v7e-m/fpv4-sp/hard\libgcc.a
LOAD c:/st/stm32cubeide_1.2.0/stm32cubeide/plugins/com.st.stm32cube.ide.mcu.externaltools.gnu-tools-for-stm32.7-2018-q2-update.win32_1.5.0.202011040924/tools/bin/../lib/gcc/arm-none-eabi/7.3.1/../../../../arm-none-eabi/lib/thumb/v7e-m/fpv4-sp/hard\libc_nano.a
END GROUP
START GROUP
LOAD c:/st/stm32cubeide_1.2.0/stm32cubeide/plugins/com.st.stm32cube.ide.mcu.externaltools.gnu-tools-for-stm32.7-2018-q2-update.win32_1.5.0.202011040924/tools/bin/../lib/gcc/arm-none-eabi/7.3.1/thumb/v7e-m/fpv4-sp/hard\libgcc.a
LOAD c:/st/stm32cubeide_1.2.0/stm32cubeide/plugins/com.st.stm32cube.ide.mcu.externaltools.gnu-tools-for-stm32.7-2018-q2-update.win32_1.5.0.202011040924/tools/bin/../lib/gcc/arm-none-eabi/7.3.1/../../../../arm-none-eabi/lib/thumb/v7e-m/fpv4-sp/hard\libc_nano.a
LOAD c:/st/stm32cubeide_1.2.0/stm32cubeide/plugins/com.st.stm32cube.ide.mcu.externaltools.gnu-tools-for-stm32.7-2018-q2-update.win32_1.5.0.202011040924/tools/bin/../lib/gcc/arm-none-eabi/7.3.1/../../../../arm-none-eabi/lib/thumb/v7e-m/fpv4-sp/hard\libnosys.a
END GROUP
START GROUP
LOAD c:/st/stm32cubeide_1.2.0/stm32cubeide/plugins/com.st.stm32cube.ide.mcu.externaltools.gnu-tools-for-stm32.7-2018-q2-update.win32_1.5.0.202011040924/tools/bin/../lib/gcc/arm-none-eabi/7.3.1/thumb/v7e-m/fpv4-sp/hard\libgcc.a
LOAD c:/st/stm32cubeide_1.2.0/stm32cubeide/plugins/com.st.stm32cube.ide.mcu.externaltools.gnu-tools-for-stm32.7-2018-q2-update.win32_1.5.0.202011040924/tools/bin/../lib/gcc/arm-none-eabi/7.3.1/../../../../arm-none-eabi/lib/thumb/v7e-m/fpv4-sp/hard\libc_nano.a
LOAD c:/st/stm32cubeide_1.2.0/stm32cubeide/plugins/com.st.stm32cube.ide.mcu.externaltools.gnu-tools-for-stm32.7-2018-q2-update.win32_1.5.0.202011040924/tools/bin/../lib/gcc/arm-none-eabi/7.3.1/../../../../arm-none-eabi/lib/thumb/v7e-m/fpv4-sp/hard\libnosys.a
END GROUP
LOAD c:/st/stm32cubeide_1.2.0/stm32cubeide/plugins/com.st.stm32cube.ide.mcu.externaltools.gnu-tools-for-stm32.7-2018-q2-update.win32_1.5.0.202011040924/tools/bin/../lib/gcc/arm-none-eabi/7.3.1/thumb/v7e-m/fpv4-sp/hard/crtend.o
LOAD c:/st/stm32cubeide_1.2.0/stm32cubeide/plugins/com.st.stm32cube.ide.mcu.externaltools.gnu-tools-for-stm32.7-2018-q2-update.win32_1.5.0.202011040924/tools/bin/../lib/gcc/arm-none-eabi/7.3.1/thumb/v7e-m/fpv4-sp/hard/crtn.o
                0x0000000020010000                _estack = (ORIGIN (RAM) + LENGTH (RAM))
                0x0000000000000200                _Min_Heap_Size = 0x200
                0x0000000000000400                _Min_Stack_Size = 0x400

.isr_vector     0x0000000008000000      0x194
                0x0000000008000000                . = ALIGN (0x4)
 *(.isr_vector)
 .isr_vector    0x0000000008000000      0x194 Core/Startup/startup_stm32f303retx.o
                0x0000000008000000                g_pfnVectors
                0x0000000008000194                . = ALIGN (0x4)

.text           0x0000000008000194     0x1b08
                0x0000000008000194                . = ALIGN (0x4)
 *(.text)
 .text          0x0000000008000194       0x40 c:/st/stm32cubeide_1.2.0/stm32cubeide/plugins/com.st.stm32cube.ide.mcu.externaltools.gnu-tools-for-stm32.7-2018-q2-update.win32_1.5.0.202011040924/tools/bin/../lib/gcc/arm-none-eabi/7.3.1/thumb/v7e-m/fpv4-sp/hard/crtbegin.o
 *(.text*)
 .text.main     0x00000000080001d4       0x4e Core/Src/main.o
                0x00000000080001d4                main
 .text.SystemClock_Config
                0x0000000008000222       0x76 Core/Src/main.o
                0x0000000008000222                SystemClock_Config
 .text.MX_GPIO_Init
                0x0000000008000298       0x60 Core/Src/main.o
 .text.Error_Handler
                0x00000000080002f8        0x8 Core/Src/main.o
                0x00000000080002f8                Error_Handler
 .text.HAL_MspInit
                0x0000000008000300       0x48 Core/Src/stm32f3xx_hal_msp.o
                0x0000000008000300                HAL_MspInit
 .text.NMI_Handler
                0x0000000008000348        0x6 Core/Src/stm32f3xx_it.o
                0x0000000008000348                NMI_Handler
 .text.HardFault_Handler
                0x000000000800034e        0x6 Core/Src/stm32f3xx_it.o
                0x000000000800034e                HardFault_Handler
 .text.MemManage_Handler
                0x0000000008000354        0x6 Core/Src/stm32f3xx_it.o
                0x0000000008000354                MemManage_Handler
 .text.BusFault_Handler
                0x000000000800035a        0x6 Core/Src/stm32f3xx_it.o
                0x000000000800035a                BusFault_Handler
 .text.UsageFault_Handler
                0x0000000008000360        0x6 Core/Src/stm32f3xx_it.o
                0x0000000008000360                UsageFault_Handler
 .text.SVC_Handler
                0x0000000008000366        0xe Core/Src/stm32f3xx_it.o
                0x0000000008000366                SVC_Handler
 .text.DebugMon_Handler
                0x0000000008000374        0xe Core/Src/stm32f3xx_it.o
                0x0000000008000374                DebugMon_Handler
 .text.PendSV_Handler
                0x0000000008000382        0xe Core/Src/stm32f3xx_it.o
                0x0000000008000382                PendSV_Handler
 .text.SysTick_Handler
                0x0000000008000390        0xc Core/Src/stm32f3xx_it.o
                0x0000000008000390                SysTick_Handler
 .text.SystemInit
                0x000000000800039c       0x24 Core/Src/system_stm32f3xx.o
                0x000000000800039c                SystemInit
 .text.Reset_Handler
                0x00000000080003c0       0x50 Core/Startup/startup_stm32f303retx.o
                0x00000000080003c0                Reset_Handler
 .text.Default_Handler
                0x0000000008000410        0x2 Core/Startup/startup_stm32f303retx.o
                0x0000000008000410                RTC_Alarm_IRQHandler
                0x0000000008000410                TIM8_TRG_COM_IRQHandler
                0x0000000008000410                TIM8_CC_IRQHandler
                0x0000000008000410                SPI4_IRQHandler
                0x0000000008000410                TIM1_CC_IRQHandler
                0x0000000008000410                USB_HP_IRQHandler
                0x0000000008000410                PVD_IRQHandler
                0x0000000008000410                TAMP_STAMP_IRQHandler
                0x0000000008000410                EXTI3_IRQHandler
                0x0000000008000410                I2C3_ER_IRQHandler
                0x0000000008000410                USB_HP_CAN_TX_IRQHandler
                0x0000000008000410                EXTI0_IRQHandler
                0x0000000008000410                I2C2_EV_IRQHandler
                0x0000000008000410                FPU_IRQHandler
                0x0000000008000410                TIM1_UP_TIM16_IRQHandler
                0x0000000008000410                ADC1_2_IRQHandler
                0x0000000008000410                SPI1_IRQHandler
                0x0000000008000410                CAN_SCE_IRQHandler
                0x0000000008000410                TIM6_DAC_IRQHandler
                0x0000000008000410                TIM8_UP_IRQHandler
                0x0000000008000410                DMA2_Channel2_IRQHandler
                0x0000000008000410                DMA1_Channel4_IRQHandler
                0x0000000008000410                TIM20_TRG_COM_IRQHandler
                0x0000000008000410                USART3_IRQHandler
                0x0000000008000410                DMA1_Channel7_IRQHandler
                0x0000000008000410                UART5_IRQHandler
                0x0000000008000410                ADC3_IRQHandler
                0x0000000008000410                TIM4_IRQHandler
                0x0000000008000410                CAN_RX1_IRQHandler
                0x0000000008000410                DMA2_Channel1_IRQHandler
                0x0000000008000410                I2C1_EV_IRQHandler
                0x0000000008000410                DMA1_Channel6_IRQHandler
                0x0000000008000410                UART4_IRQHandler
                0x0000000008000410                DMA2_Channel4_IRQHandler
                0x0000000008000410                TIM3_IRQHandler
                0x0000000008000410                RCC_IRQHandler
                0x0000000008000410                TIM20_UP_IRQHandler
                0x0000000008000410                DMA1_Channel1_IRQHandler
                0x0000000008000410                Default_Handler
                0x0000000008000410                USBWakeUp_RMP_IRQHandler
                0x0000000008000410                EXTI15_10_IRQHandler
                0x0000000008000410                TIM7_IRQHandler
                0x0000000008000410                I2C3_EV_IRQHandler
                0x0000000008000410                EXTI9_5_IRQHandler
                0x0000000008000410                RTC_WKUP_IRQHandler
                0x0000000008000410                SPI2_IRQHandler
                0x0000000008000410                USB_LP_CAN_RX0_IRQHandler
                0x0000000008000410                DMA2_Channel5_IRQHandler
                0x0000000008000410                DMA1_Channel5_IRQHandler
                0x0000000008000410                USB_LP_IRQHandler
                0x0000000008000410                EXTI4_IRQHandler
                0x0000000008000410                TIM1_TRG_COM_TIM17_IRQHandler
                0x0000000008000410                DMA1_Channel3_IRQHandler
                0x0000000008000410                ADC4_IRQHandler
                0x0000000008000410                WWDG_IRQHandler
                0x0000000008000410                TIM2_IRQHandler
                0x0000000008000410                COMP7_IRQHandler
                0x0000000008000410                COMP1_2_3_IRQHandler
                0x0000000008000410                EXTI1_IRQHandler
                0x0000000008000410                USART2_IRQHandler
                0x0000000008000410                COMP4_5_6_IRQHandler
                0x0000000008000410                TIM20_BRK_IRQHandler
                0x0000000008000410                I2C2_ER_IRQHandler
                0x0000000008000410                DMA1_Channel2_IRQHandler
                0x0000000008000410                TIM8_BRK_IRQHandler
                0x0000000008000410                FLASH_IRQHandler
                0x0000000008000410                TIM20_CC_IRQHandler
                0x0000000008000410                USART1_IRQHandler
                0x0000000008000410                SPI3_IRQHandler
                0x0000000008000410                I2C1_ER_IRQHandler
                0x0000000008000410                FMC_IRQHandler
                0x0000000008000410                USBWakeUp_IRQHandler
                0x0000000008000410                DMA2_Channel3_IRQHandler
                0x0000000008000410                EXTI2_TSC_IRQHandler
                0x0000000008000410                TIM1_BRK_TIM15_IRQHandler
 *fill*         0x0000000008000412        0x2 
 .text.HAL_Init
                0x0000000008000414       0x2c Drivers/STM32F3xx_HAL_Driver/Src/stm32f3xx_hal.o
                0x0000000008000414                HAL_Init
 .text.HAL_InitTick
                0x0000000008000440       0x60 Drivers/STM32F3xx_HAL_Driver/Src/stm32f3xx_hal.o
                0x0000000008000440                HAL_InitTick
 .text.HAL_IncTick
                0x00000000080004a0       0x28 Drivers/STM32F3xx_HAL_Driver/Src/stm32f3xx_hal.o
                0x00000000080004a0                HAL_IncTick
 .text.HAL_GetTick
                0x00000000080004c8       0x18 Drivers/STM32F3xx_HAL_Driver/Src/stm32f3xx_hal.o
                0x00000000080004c8                HAL_GetTick
 .text.HAL_Delay
                0x00000000080004e0       0x44 Drivers/STM32F3xx_HAL_Driver/Src/stm32f3xx_hal.o
                0x00000000080004e0                HAL_Delay
 .text.__NVIC_SetPriorityGrouping
                0x0000000008000524       0x48 Drivers/STM32F3xx_HAL_Driver/Src/stm32f3xx_hal_cortex.o
 .text.__NVIC_GetPriorityGrouping
                0x000000000800056c       0x1c Drivers/STM32F3xx_HAL_Driver/Src/stm32f3xx_hal_cortex.o
 .text.__NVIC_SetPriority
                0x0000000008000588       0x54 Drivers/STM32F3xx_HAL_Driver/Src/stm32f3xx_hal_cortex.o
 .text.NVIC_EncodePriority
                0x00000000080005dc       0x66 Drivers/STM32F3xx_HAL_Driver/Src/stm32f3xx_hal_cortex.o
 *fill*         0x0000000008000642        0x2 
 .text.SysTick_Config
                0x0000000008000644       0x44 Drivers/STM32F3xx_HAL_Driver/Src/stm32f3xx_hal_cortex.o
 .text.HAL_NVIC_SetPriorityGrouping
                0x0000000008000688       0x16 Drivers/STM32F3xx_HAL_Driver/Src/stm32f3xx_hal_cortex.o
                0x0000000008000688                HAL_NVIC_SetPriorityGrouping
 .text.HAL_NVIC_SetPriority
                0x000000000800069e       0x38 Drivers/STM32F3xx_HAL_Driver/Src/stm32f3xx_hal_cortex.o
                0x000000000800069e                HAL_NVIC_SetPriority
 .text.HAL_SYSTICK_Config
                0x00000000080006d6       0x18 Drivers/STM32F3xx_HAL_Driver/Src/stm32f3xx_hal_cortex.o
                0x00000000080006d6                HAL_SYSTICK_Config
 *fill*         0x00000000080006ee        0x2 
 .text.HAL_GPIO_Init
                0x00000000080006f0      0x314 Drivers/STM32F3xx_HAL_Driver/Src/stm32f3xx_hal_gpio.o
                0x00000000080006f0                HAL_GPIO_Init
 .text.HAL_GPIO_WritePin
                0x0000000008000a04       0x30 Drivers/STM32F3xx_HAL_Driver/Src/stm32f3xx_hal_gpio.o
                0x0000000008000a04                HAL_GPIO_WritePin
 .text.HAL_RCC_OscConfig
                0x0000000008000a34      0xe2c Drivers/STM32F3xx_HAL_Driver/Src/stm32f3xx_hal_rcc.o
                0x0000000008000a34                HAL_RCC_OscConfig
 .text.HAL_RCC_ClockConfig
                0x0000000008001860      0x2f8 Drivers/STM32F3xx_HAL_Driver/Src/stm32f3xx_hal_rcc.o
                0x0000000008001860                HAL_RCC_ClockConfig
 .text.HAL_RCC_GetSysClockFreq
                0x0000000008001b58       0xd4 Drivers/STM32F3xx_HAL_Driver/Src/stm32f3xx_hal_rcc.o
                0x0000000008001b58                HAL_RCC_GetSysClockFreq
 .text.__libc_init_array
                0x0000000008001c2c       0x48 c:/st/stm32cubeide_1.2.0/stm32cubeide/plugins/com.st.stm32cube.ide.mcu.externaltools.gnu-tools-for-stm32.7-2018-q2-update.win32_1.5.0.202011040924/tools/bin/../lib/gcc/arm-none-eabi/7.3.1/../../../../arm-none-eabi/lib/thumb/v7e-m/fpv4-sp/hard\libc_nano.a(lib_a-init.o)
                0x0000000008001c2c                __libc_init_array
 .text.memset   0x0000000008001c74       0x10 c:/st/stm32cubeide_1.2.0/stm32cubeide/plugins/com.st.stm32cube.ide.mcu.externaltools.gnu-tools-for-stm32.7-2018-q2-update.win32_1.5.0.202011040924/tools/bin/../lib/gcc/arm-none-eabi/7.3.1/../../../../arm-none-eabi/lib/thumb/v7e-m/fpv4-sp/hard\libc_nano.a(lib_a-memset.o)
                0x0000000008001c74                memset
 *(.glue_7)
 .glue_7        0x0000000008001c84        0x0 linker stubs
 *(.glue_7t)
 .glue_7t       0x0000000008001c84        0x0 linker stubs
 *(.eh_frame)
 .eh_frame      0x0000000008001c84        0x0 c:/st/stm32cubeide_1.2.0/stm32cubeide/plugins/com.st.stm32cube.ide.mcu.externaltools.gnu-tools-for-stm32.7-2018-q2-update.win32_1.5.0.202011040924/tools/bin/../lib/gcc/arm-none-eabi/7.3.1/thumb/v7e-m/fpv4-sp/hard/crtbegin.o
 *(.init)
 .init          0x0000000008001c84        0x4 c:/st/stm32cubeide_1.2.0/stm32cubeide/plugins/com.st.stm32cube.ide.mcu.externaltools.gnu-tools-for-stm32.7-2018-q2-update.win32_1.5.0.202011040924/tools/bin/../lib/gcc/arm-none-eabi/7.3.1/thumb/v7e-m/fpv4-sp/hard/crti.o
                0x0000000008001c84                _init
 .init          0x0000000008001c88        0x8 c:/st/stm32cubeide_1.2.0/stm32cubeide/plugins/com.st.stm32cube.ide.mcu.externaltools.gnu-tools-for-stm32.7-2018-q2-update.win32_1.5.0.202011040924/tools/bin/../lib/gcc/arm-none-eabi/7.3.1/thumb/v7e-m/fpv4-sp/hard/crtn.o
 *(.fini)
 .fini          0x0000000008001c90        0x4 c:/st/stm32cubeide_1.2.0/stm32cubeide/plugins/com.st.stm32cube.ide.mcu.externaltools.gnu-tools-for-stm32.7-2018-q2-update.win32_1.5.0.202011040924/tools/bin/../lib/gcc/arm-none-eabi/7.3.1/thumb/v7e-m/fpv4-sp/hard/crti.o
                0x0000000008001c90                _fini
 .fini          0x0000000008001c94        0x8 c:/st/stm32cubeide_1.2.0/stm32cubeide/plugins/com.st.stm32cube.ide.mcu.externaltools.gnu-tools-for-stm32.7-2018-q2-update.win32_1.5.0.202011040924/tools/bin/../lib/gcc/arm-none-eabi/7.3.1/thumb/v7e-m/fpv4-sp/hard/crtn.o
                0x0000000008001c9c                . = ALIGN (0x4)
                0x0000000008001c9c                _etext = .

.vfp11_veneer   0x0000000008001c9c        0x0
 .vfp11_veneer  0x0000000008001c9c        0x0 linker stubs

.v4_bx          0x0000000008001c9c        0x0
 .v4_bx         0x0000000008001c9c        0x0 linker stubs

.iplt           0x0000000008001c9c        0x0
 .iplt          0x0000000008001c9c        0x0 c:/st/stm32cubeide_1.2.0/stm32cubeide/plugins/com.st.stm32cube.ide.mcu.externaltools.gnu-tools-for-stm32.7-2018-q2-update.win32_1.5.0.202011040924/tools/bin/../lib/gcc/arm-none-eabi/7.3.1/thumb/v7e-m/fpv4-sp/hard/crtbegin.o

.rodata         0x0000000008001c9c       0x30
                0x0000000008001c9c                . = ALIGN (0x4)
 *(.rodata)
 *(.rodata*)
 .rodata.AHBPrescTable
                0x0000000008001c9c       0x10 Core/Src/system_stm32f3xx.o
                0x0000000008001c9c                AHBPrescTable
 .rodata.aPLLMULFactorTable
                0x0000000008001cac       0x10 Drivers/STM32F3xx_HAL_Driver/Src/stm32f3xx_hal_rcc.o
                0x0000000008001cac                aPLLMULFactorTable
 .rodata.aPredivFactorTable
                0x0000000008001cbc       0x10 Drivers/STM32F3xx_HAL_Driver/Src/stm32f3xx_hal_rcc.o
                0x0000000008001cbc                aPredivFactorTable
                0x0000000008001ccc                . = ALIGN (0x4)

.rel.dyn        0x0000000008001ccc        0x0
 .rel.iplt      0x0000000008001ccc        0x0 c:/st/stm32cubeide_1.2.0/stm32cubeide/plugins/com.st.stm32cube.ide.mcu.externaltools.gnu-tools-for-stm32.7-2018-q2-update.win32_1.5.0.202011040924/tools/bin/../lib/gcc/arm-none-eabi/7.3.1/thumb/v7e-m/fpv4-sp/hard/crtbegin.o

.ARM.extab      0x0000000008001ccc        0x0
                0x0000000008001ccc                . = ALIGN (0x4)
 *(.ARM.extab* .gnu.linkonce.armextab.*)
                0x0000000008001ccc                . = ALIGN (0x4)

.ARM            0x0000000008001ccc        0x0
                0x0000000008001ccc                . = ALIGN (0x4)
                0x0000000008001ccc                __exidx_start = .
 *(.ARM.exidx*)
                0x0000000008001ccc                __exidx_end = .
                0x0000000008001ccc                . = ALIGN (0x4)

.preinit_array  0x0000000008001ccc        0x0
                0x0000000008001ccc                . = ALIGN (0x4)
                0x0000000008001ccc                PROVIDE (__preinit_array_start = .)
 *(.preinit_array*)
                0x0000000008001ccc                PROVIDE (__preinit_array_end = .)
                0x0000000008001ccc                . = ALIGN (0x4)

.init_array     0x0000000008001ccc        0x4
                0x0000000008001ccc                . = ALIGN (0x4)
                0x0000000008001ccc                PROVIDE (__init_array_start = .)
 *(SORT_BY_NAME(.init_array.*))
 *(.init_array*)
 .init_array    0x0000000008001ccc        0x4 c:/st/stm32cubeide_1.2.0/stm32cubeide/plugins/com.st.stm32cube.ide.mcu.externaltools.gnu-tools-for-stm32.7-2018-q2-update.win32_1.5.0.202011040924/tools/bin/../lib/gcc/arm-none-eabi/7.3.1/thumb/v7e-m/fpv4-sp/hard/crtbegin.o
                0x0000000008001cd0                PROVIDE (__init_array_end = .)
                0x0000000008001cd0                . = ALIGN (0x4)

.fini_array     0x0000000008001cd0        0x4
                0x0000000008001cd0                . = ALIGN (0x4)
                [!provide]                        PROVIDE (__fini_array_start = .)
 *(SORT_BY_NAME(.fini_array.*))
 *(.fini_array*)
 .fini_array    0x0000000008001cd0        0x4 c:/st/stm32cubeide_1.2.0/stm32cubeide/plugins/com.st.stm32cube.ide.mcu.externaltools.gnu-tools-for-stm32.7-2018-q2-update.win32_1.5.0.202011040924/tools/bin/../lib/gcc/arm-none-eabi/7.3.1/thumb/v7e-m/fpv4-sp/hard/crtbegin.o
                [!provide]                        PROVIDE (__fini_array_end = .)
                0x0000000008001cd4                . = ALIGN (0x4)
                0x0000000008001cd4                _sidata = LOADADDR (.data)

.data           0x0000000020000000        0xc load address 0x0000000008001cd4
                0x0000000020000000                . = ALIGN (0x4)
                0x0000000020000000                _sdata = .
 *(.data)
 *(.data*)
 .data.SystemCoreClock
                0x0000000020000000        0x4 Core/Src/system_stm32f3xx.o
                0x0000000020000000                SystemCoreClock
 .data.uwTickPrio
                0x0000000020000004        0x4 Drivers/STM32F3xx_HAL_Driver/Src/stm32f3xx_hal.o
                0x0000000020000004                uwTickPrio
 .data.uwTickFreq
                0x0000000020000008        0x1 Drivers/STM32F3xx_HAL_Driver/Src/stm32f3xx_hal.o
                0x0000000020000008                uwTickFreq
 *(.RamFunc)
 *(.RamFunc*)
                0x000000002000000c                . = ALIGN (0x4)
 *fill*         0x0000000020000009        0x3 
                0x000000002000000c                _edata = .

.igot.plt       0x000000002000000c        0x0 load address 0x0000000008001ce0
 .igot.plt      0x000000002000000c        0x0 c:/st/stm32cubeide_1.2.0/stm32cubeide/plugins/com.st.stm32cube.ide.mcu.externaltools.gnu-tools-for-stm32.7-2018-q2-update.win32_1.5.0.202011040924/tools/bin/../lib/gcc/arm-none-eabi/7.3.1/thumb/v7e-m/fpv4-sp/hard/crtbegin.o
                0x000000002000000c                . = ALIGN (0x4)

.bss            0x000000002000000c       0x20 load address 0x0000000008001ce0
                0x000000002000000c                _sbss = .
                0x000000002000000c                __bss_start__ = _sbss
 *(.bss)
 .bss           0x000000002000000c       0x1c c:/st/stm32cubeide_1.2.0/stm32cubeide/plugins/com.st.stm32cube.ide.mcu.externaltools.gnu-tools-for-stm32.7-2018-q2-update.win32_1.5.0.202011040924/tools/bin/../lib/gcc/arm-none-eabi/7.3.1/thumb/v7e-m/fpv4-sp/hard/crtbegin.o
 *(.bss*)
 *(COMMON)
 COMMON         0x0000000020000028        0x4 Drivers/STM32F3xx_HAL_Driver/Src/stm32f3xx_hal.o
                0x0000000020000028                uwTick
                0x000000002000002c                . = ALIGN (0x4)
                0x000000002000002c                _ebss = .
                0x000000002000002c                __bss_end__ = _ebss

._user_heap_stack
                0x000000002000002c      0x604 load address 0x0000000008001ce0
                0x0000000020000030                . = ALIGN (0x8)
 *fill*         0x000000002000002c        0x4 
                [!provide]                        PROVIDE (end = .)
                0x0000000020000030                PROVIDE (_end = .)
                0x0000000020000230                . = (. + _Min_Heap_Size)
 *fill*         0x0000000020000030      0x200 
                0x0000000020000630                . = (. + _Min_Stack_Size)
 *fill*         0x0000000020000230      0x400 
                0x0000000020000630                . = ALIGN (0x8)

/DISCARD/
 libc.a(*)
 libm.a(*)
 libgcc.a(*)

.ARM.attributes
                0x0000000000000000       0x30
 *(.ARM.attributes)
 .ARM.attributes
                0x0000000000000000       0x22 c:/st/stm32cubeide_1.2.0/stm32cubeide/plugins/com.st.stm32cube.ide.mcu.externaltools.gnu-tools-for-stm32.7-2018-q2-update.win32_1.5.0.202011040924/tools/bin/../lib/gcc/arm-none-eabi/7.3.1/thumb/v7e-m/fpv4-sp/hard/crti.o
 .ARM.attributes
                0x0000000000000022       0x34 c:/st/stm32cubeide_1.2.0/stm32cubeide/plugins/com.st.stm32cube.ide.mcu.externaltools.gnu-tools-for-stm32.7-2018-q2-update.win32_1.5.0.202011040924/tools/bin/../lib/gcc/arm-none-eabi/7.3.1/thumb/v7e-m/fpv4-sp/hard/crtbegin.o
 .ARM.attributes
                0x0000000000000056       0x39 Core/Src/main.o
 .ARM.attributes
                0x000000000000008f       0x39 Core/Src/stm32f3xx_hal_msp.o
 .ARM.attributes
                0x00000000000000c8       0x39 Core/Src/stm32f3xx_it.o
 .ARM.attributes
                0x0000000000000101       0x39 Core/Src/system_stm32f3xx.o
 .ARM.attributes
                0x000000000000013a       0x21 Core/Startup/startup_stm32f303retx.o
 .ARM.attributes
                0x000000000000015b       0x39 Drivers/STM32F3xx_HAL_Driver/Src/stm32f3xx_hal.o
 .ARM.attributes
                0x0000000000000194       0x39 Drivers/STM32F3xx_HAL_Driver/Src/stm32f3xx_hal_cortex.o
 .ARM.attributes
                0x00000000000001cd       0x39 Drivers/STM32F3xx_HAL_Driver/Src/stm32f3xx_hal_gpio.o
 .ARM.attributes
                0x0000000000000206       0x39 Drivers/STM32F3xx_HAL_Driver/Src/stm32f3xx_hal_rcc.o
 .ARM.attributes
                0x000000000000023f       0x34 c:/st/stm32cubeide_1.2.0/stm32cubeide/plugins/com.st.stm32cube.ide.mcu.externaltools.gnu-tools-for-stm32.7-2018-q2-update.win32_1.5.0.202011040924/tools/bin/../lib/gcc/arm-none-eabi/7.3.1/../../../../arm-none-eabi/lib/thumb/v7e-m/fpv4-sp/hard\libc_nano.a(lib_a-init.o)
 .ARM.attributes
                0x0000000000000273       0x34 c:/st/stm32cubeide_1.2.0/stm32cubeide/plugins/com.st.stm32cube.ide.mcu.externaltools.gnu-tools-for-stm32.7-2018-q2-update.win32_1.5.0.202011040924/tools/bin/../lib/gcc/arm-none-eabi/7.3.1/../../../../arm-none-eabi/lib/thumb/v7e-m/fpv4-sp/hard\libc_nano.a(lib_a-memset.o)
 .ARM.attributes
                0x00000000000002a7       0x22 c:/st/stm32cubeide_1.2.0/stm32cubeide/plugins/com.st.stm32cube.ide.mcu.externaltools.gnu-tools-for-stm32.7-2018-q2-update.win32_1.5.0.202011040924/tools/bin/../lib/gcc/arm-none-eabi/7.3.1/thumb/v7e-m/fpv4-sp/hard/crtn.o
OUTPUT(OnOff1s.elf elf32-littlearm)

.debug_info     0x0000000000000000     0x4417
 .debug_info    0x0000000000000000      0x559 Core/Src/main.o
 .debug_info    0x0000000000000559      0x278 Core/Src/stm32f3xx_hal_msp.o
 .debug_info    0x00000000000007d1      0x20d Core/Src/stm32f3xx_it.o
 .debug_info    0x00000000000009de      0x45c Core/Src/system_stm32f3xx.o
 .debug_info    0x0000000000000e3a       0x22 Core/Startup/startup_stm32f303retx.o
 .debug_info    0x0000000000000e5c      0x812 Drivers/STM32F3xx_HAL_Driver/Src/stm32f3xx_hal.o
 .debug_info    0x000000000000166e      0xdc9 Drivers/STM32F3xx_HAL_Driver/Src/stm32f3xx_hal_cortex.o
 .debug_info    0x0000000000002437      0x7c1 Drivers/STM32F3xx_HAL_Driver/Src/stm32f3xx_hal_gpio.o
 .debug_info    0x0000000000002bf8     0x181f Drivers/STM32F3xx_HAL_Driver/Src/stm32f3xx_hal_rcc.o

.debug_abbrev   0x0000000000000000      0xdb0
 .debug_abbrev  0x0000000000000000      0x197 Core/Src/main.o
 .debug_abbrev  0x0000000000000197      0x109 Core/Src/stm32f3xx_hal_msp.o
 .debug_abbrev  0x00000000000002a0       0xc6 Core/Src/stm32f3xx_it.o
 .debug_abbrev  0x0000000000000366      0x12b Core/Src/system_stm32f3xx.o
 .debug_abbrev  0x0000000000000491       0x12 Core/Startup/startup_stm32f303retx.o
 .debug_abbrev  0x00000000000004a3      0x1c7 Drivers/STM32F3xx_HAL_Driver/Src/stm32f3xx_hal.o
 .debug_abbrev  0x000000000000066a      0x2fa Drivers/STM32F3xx_HAL_Driver/Src/stm32f3xx_hal_cortex.o
 .debug_abbrev  0x0000000000000964      0x1c0 Drivers/STM32F3xx_HAL_Driver/Src/stm32f3xx_hal_gpio.o
 .debug_abbrev  0x0000000000000b24      0x28c Drivers/STM32F3xx_HAL_Driver/Src/stm32f3xx_hal_rcc.o

.debug_aranges  0x0000000000000000      0x3e0
 .debug_aranges
                0x0000000000000000       0x38 Core/Src/main.o
 .debug_aranges
                0x0000000000000038       0x20 Core/Src/stm32f3xx_hal_msp.o
 .debug_aranges
                0x0000000000000058       0x60 Core/Src/stm32f3xx_it.o
 .debug_aranges
                0x00000000000000b8       0x28 Core/Src/system_stm32f3xx.o
 .debug_aranges
                0x00000000000000e0       0x28 Core/Startup/startup_stm32f303retx.o
 .debug_aranges
                0x0000000000000108       0xe0 Drivers/STM32F3xx_HAL_Driver/Src/stm32f3xx_hal.o
 .debug_aranges
                0x00000000000001e8      0x118 Drivers/STM32F3xx_HAL_Driver/Src/stm32f3xx_hal_cortex.o
 .debug_aranges
                0x0000000000000300       0x58 Drivers/STM32F3xx_HAL_Driver/Src/stm32f3xx_hal_gpio.o
 .debug_aranges
                0x0000000000000358       0x88 Drivers/STM32F3xx_HAL_Driver/Src/stm32f3xx_hal_rcc.o

.debug_ranges   0x0000000000000000      0x358
 .debug_ranges  0x0000000000000000       0x28 Core/Src/main.o
 .debug_ranges  0x0000000000000028       0x10 Core/Src/stm32f3xx_hal_msp.o
 .debug_ranges  0x0000000000000038       0x50 Core/Src/stm32f3xx_it.o
 .debug_ranges  0x0000000000000088       0x18 Core/Src/system_stm32f3xx.o
 .debug_ranges  0x00000000000000a0       0x20 Core/Startup/startup_stm32f303retx.o
 .debug_ranges  0x00000000000000c0       0xd0 Drivers/STM32F3xx_HAL_Driver/Src/stm32f3xx_hal.o
 .debug_ranges  0x0000000000000190      0x108 Drivers/STM32F3xx_HAL_Driver/Src/stm32f3xx_hal_cortex.o
 .debug_ranges  0x0000000000000298       0x48 Drivers/STM32F3xx_HAL_Driver/Src/stm32f3xx_hal_gpio.o
 .debug_ranges  0x00000000000002e0       0x78 Drivers/STM32F3xx_HAL_Driver/Src/stm32f3xx_hal_rcc.o

.debug_macro    0x0000000000000000    0x1e21c
 .debug_macro   0x0000000000000000      0x1be Core/Src/main.o
 .debug_macro   0x00000000000001be      0xa5a Core/Src/main.o
 .debug_macro   0x0000000000000c18      0x14b Core/Src/main.o
 .debug_macro   0x0000000000000d63       0x2e Core/Src/main.o
 .debug_macro   0x0000000000000d91       0x28 Core/Src/main.o
 .debug_macro   0x0000000000000db9       0x22 Core/Src/main.o
 .debug_macro   0x0000000000000ddb       0x8e Core/Src/main.o
 .debug_macro   0x0000000000000e69       0x51 Core/Src/main.o
 .debug_macro   0x0000000000000eba       0xef Core/Src/main.o
 .debug_macro   0x0000000000000fa9       0x6a Core/Src/main.o
 .debug_macro   0x0000000000001013      0x1df Core/Src/main.o
 .debug_macro   0x00000000000011f2       0x1c Core/Src/main.o
 .debug_macro   0x000000000000120e       0x22 Core/Src/main.o
 .debug_macro   0x0000000000001230       0xdf Core/Src/main.o
 .debug_macro   0x000000000000130f     0x102d Core/Src/main.o
 .debug_macro   0x000000000000233c      0x11f Core/Src/main.o
 .debug_macro   0x000000000000245b    0x15353 Core/Src/main.o
 .debug_macro   0x00000000000177ae       0x43 Core/Src/main.o
 .debug_macro   0x00000000000177f1     0x35e9 Core/Src/main.o
 .debug_macro   0x000000000001adda      0x174 Core/Src/main.o
 .debug_macro   0x000000000001af4e       0x55 Core/Src/main.o
 .debug_macro   0x000000000001afa3      0x954 Core/Src/main.o
 .debug_macro   0x000000000001b8f7      0x84a Core/Src/main.o
 .debug_macro   0x000000000001c141      0x12f Core/Src/main.o
 .debug_macro   0x000000000001c270      0x23a Core/Src/main.o
 .debug_macro   0x000000000001c4aa      0x1ea Core/Src/main.o
 .debug_macro   0x000000000001c694      0x1bc Core/Src/main.o
 .debug_macro   0x000000000001c850       0x30 Core/Src/main.o
 .debug_macro   0x000000000001c880       0x3c Core/Src/main.o
 .debug_macro   0x000000000001c8bc      0x236 Core/Src/main.o
 .debug_macro   0x000000000001caf2       0xc5 Core/Src/main.o
 .debug_macro   0x000000000001cbb7      0x21d Core/Src/main.o
 .debug_macro   0x000000000001cdd4      0x22c Core/Src/main.o
 .debug_macro   0x000000000001d000       0x5b Core/Src/main.o
 .debug_macro   0x000000000001d05b       0xa5 Core/Src/main.o
 .debug_macro   0x000000000001d100       0x81 Core/Src/main.o
 .debug_macro   0x000000000001d181       0xd3 Core/Src/main.o
 .debug_macro   0x000000000001d254      0x347 Core/Src/main.o
 .debug_macro   0x000000000001d59b       0x10 Core/Src/main.o
 .debug_macro   0x000000000001d5ab      0x1be Core/Src/stm32f3xx_hal_msp.o
 .debug_macro   0x000000000001d769      0x1c8 Core/Src/stm32f3xx_it.o
 .debug_macro   0x000000000001d931      0x1af Core/Src/system_stm32f3xx.o
 .debug_macro   0x000000000001dae0      0x1d3 Drivers/STM32F3xx_HAL_Driver/Src/stm32f3xx_hal.o
 .debug_macro   0x000000000001dcb3      0x1af Drivers/STM32F3xx_HAL_Driver/Src/stm32f3xx_hal_cortex.o
 .debug_macro   0x000000000001de62      0x1e7 Drivers/STM32F3xx_HAL_Driver/Src/stm32f3xx_hal_gpio.o
 .debug_macro   0x000000000001e049      0x1d3 Drivers/STM32F3xx_HAL_Driver/Src/stm32f3xx_hal_rcc.o

.debug_line     0x0000000000000000     0x43d9
 .debug_line    0x0000000000000000      0x6db Core/Src/main.o
 .debug_line    0x00000000000006db      0x688 Core/Src/stm32f3xx_hal_msp.o
 .debug_line    0x0000000000000d63      0x730 Core/Src/stm32f3xx_it.o
 .debug_line    0x0000000000001493      0x6a7 Core/Src/system_stm32f3xx.o
 .debug_line    0x0000000000001b3a       0x88 Core/Startup/startup_stm32f303retx.o
 .debug_line    0x0000000000001bc2      0x863 Drivers/STM32F3xx_HAL_Driver/Src/stm32f3xx_hal.o
 .debug_line    0x0000000000002425      0x998 Drivers/STM32F3xx_HAL_Driver/Src/stm32f3xx_hal_cortex.o
 .debug_line    0x0000000000002dbd      0x83e Drivers/STM32F3xx_HAL_Driver/Src/stm32f3xx_hal_gpio.o
 .debug_line    0x00000000000035fb      0xdde Drivers/STM32F3xx_HAL_Driver/Src/stm32f3xx_hal_rcc.o

.debug_str      0x0000000000000000    0xb6c54
 .debug_str     0x0000000000000000    0xb5a9e Core/Src/main.o
                                      0xb6144 (size before relaxing)
 .debug_str     0x00000000000b5a9e       0x2c Core/Src/stm32f3xx_hal_msp.o
                                      0xb5f47 (size before relaxing)
 .debug_str     0x00000000000b5aca       0xbd Core/Src/stm32f3xx_it.o
                                      0xb5f7e (size before relaxing)
 .debug_str     0x00000000000b5b87       0xbd Core/Src/system_stm32f3xx.o
                                      0xb5f98 (size before relaxing)
 .debug_str     0x00000000000b5c44       0x36 Core/Startup/startup_stm32f303retx.o
                                         0x7c (size before relaxing)
 .debug_str     0x00000000000b5c7a      0x67e Drivers/STM32F3xx_HAL_Driver/Src/stm32f3xx_hal.o
                                      0xb679f (size before relaxing)
 .debug_str     0x00000000000b62f8      0x3cc Drivers/STM32F3xx_HAL_Driver/Src/stm32f3xx_hal_cortex.o
                                      0xb68ad (size before relaxing)
 .debug_str     0x00000000000b66c4      0x28d Drivers/STM32F3xx_HAL_Driver/Src/stm32f3xx_hal_gpio.o
                                      0xb6276 (size before relaxing)
 .debug_str     0x00000000000b6951      0x303 Drivers/STM32F3xx_HAL_Driver/Src/stm32f3xx_hal_rcc.o
                                      0xb640a (size before relaxing)

.comment        0x0000000000000000       0x7b
 .comment       0x0000000000000000       0x7b Core/Src/main.o
                                         0x7c (size before relaxing)
 .comment       0x000000000000007b       0x7c Core/Src/stm32f3xx_hal_msp.o
 .comment       0x000000000000007b       0x7c Core/Src/stm32f3xx_it.o
 .comment       0x000000000000007b       0x7c Core/Src/system_stm32f3xx.o
 .comment       0x000000000000007b       0x7c Drivers/STM32F3xx_HAL_Driver/Src/stm32f3xx_hal.o
 .comment       0x000000000000007b       0x7c Drivers/STM32F3xx_HAL_Driver/Src/stm32f3xx_hal_cortex.o
 .comment       0x000000000000007b       0x7c Drivers/STM32F3xx_HAL_Driver/Src/stm32f3xx_hal_gpio.o
 .comment       0x000000000000007b       0x7c Drivers/STM32F3xx_HAL_Driver/Src/stm32f3xx_hal_rcc.o

.debug_frame    0x0000000000000000      0xd9c
 .debug_frame   0x0000000000000000       0x90 Core/Src/main.o
 .debug_frame   0x0000000000000090       0x38 Core/Src/stm32f3xx_hal_msp.o
 .debug_frame   0x00000000000000c8      0x104 Core/Src/stm32f3xx_it.o
 .debug_frame   0x00000000000001cc       0x58 Core/Src/system_stm32f3xx.o
 .debug_frame   0x0000000000000224      0x334 Drivers/STM32F3xx_HAL_Driver/Src/stm32f3xx_hal.o
 .debug_frame   0x0000000000000558      0x498 Drivers/STM32F3xx_HAL_Driver/Src/stm32f3xx_hal_cortex.o
 .debug_frame   0x00000000000009f0      0x14c Drivers/STM32F3xx_HAL_Driver/Src/stm32f3xx_hal_gpio.o
 .debug_frame   0x0000000000000b3c      0x214 Drivers/STM32F3xx_HAL_Driver/Src/stm32f3xx_hal_rcc.o
 .debug_frame   0x0000000000000d50       0x2c c:/st/stm32cubeide_1.2.0/stm32cubeide/plugins/com.st.stm32cube.ide.mcu.externaltools.gnu-tools-for-stm32.7-2018-q2-update.win32_1.5.0.202011040924/tools/bin/../lib/gcc/arm-none-eabi/7.3.1/../../../../arm-none-eabi/lib/thumb/v7e-m/fpv4-sp/hard\libc_nano.a(lib_a-init.o)
 .debug_frame   0x0000000000000d7c       0x20 c:/st/stm32cubeide_1.2.0/stm32cubeide/plugins/com.st.stm32cube.ide.mcu.externaltools.gnu-tools-for-stm32.7-2018-q2-update.win32_1.5.0.202011040924/tools/bin/../lib/gcc/arm-none-eabi/7.3.1/../../../../arm-none-eabi/lib/thumb/v7e-m/fpv4-sp/hard\libc_nano.a(lib_a-memset.o)
